// Jest Snapshot v1, https://goo.gl/fbAQLP

exports[`Navbar renders correctly 1`] = `
<div
  className="sc-bczRLJ jFJXRG"
>
  <h1
    className="sc-gsnTZi cLmPLR"
  >
    Food Truck
  </h1>
</div>
`;
