// Jest Snapshot v1, https://goo.gl/fbAQLP

exports[`renders correctly 1`] = `
<div
  className="sc-bczRLJ ekBFnZ"
>
  <div
    style={
      Object {
        "borderRadius": 12,
        "height": "80vh",
      }
    }
  />
</div>
`;
